Microchip MPLAB XC8 Compiler V2.36

Linker command line:

-W-3 --edf=D:\mplab\pic\dat\en_msgs.txt -cn \
  -h+dist/default/production\PIC2.X.production.sym \
  --cmf=dist/default/production\PIC2.X.production.cmf -z -Q18F4550 \
  -oC:\Users\Usuario\AppData\Local\Temp\xcAs3q0.4 --defsym=__MPLAB_BUILD=1 \
  -Mdist/default/production/PIC2.X.production.map \
  --md=C:\Users\Usuario\AppData\Local\Temp\xcAs3q0.dat -E1 \
  -ver=XC8 Compiler --acfsm=1493 -ACODE=00h-07FFFh -ACONST=00h-07FFFh \
  -ASMALLCONST=0800h-08FFhx120 -AMEDIUMCONST=0800h-07FFFh -ACOMRAM=01h-05Fh \
  -AABS1=00h-07FFh -ABIGRAM=01h-07FFh -ARAM=060h-0FFh,0100h-01FFhx7 \
  -ABANK0=060h-0FFh -ABANK1=0100h-01FFh -ABANK2=0200h-02FFh \
  -ABANK3=0300h-03FFh -ABANK4=0400h-04FFh -ABANK5=0500h-05FFh \
  -ABANK6=0600h-06FFh -ABANK7=0700h-07FFh -ASFR=0F60h-0FFFh \
  -ABIGSFR=0F60h-0FFFh -ACONFIG=0300000h-030000Dh -AIDLOC=0200000h-0200007h \
  -AEEDATA=0F00000h-0F000FFh -peeprom_data=EEDATA \
  -preset_vec=00h,intcode,intcodelo,powerup,init -pramtop=0800h \
  -psmallconst=SMALLCONST -pmediumconst=MEDIUMCONST -pconst=CONST \
  -AFARRAM=00h-00h \
  -prdata=COMRAM,nvrram=COMRAM,nvbit=COMRAM,rbss=COMRAM,rbit=COMRAM \
  -pfarbss=FARRAM,fardata=FARRAM,nvFARRAM=FARRAM \
  -pintsave_regs=BIGRAM,bigbss=BIGRAM,bigdata=BIGRAM -pbss=RAM \
  -pidata=CODE,irdata=CODE,ibigdata=CODE,ifardata=CODE -prparam=COMRAM \
  C:\Users\Usuario\AppData\Local\Temp\xcAs3q0.o \
  dist/default/production\PIC2.X.production.o 

Object code version is 3.11

Machine type is 18F4550



                Name                               Link     Load   Length Selector   Space Scale
C:\Users\Usuario\AppData\Local\Temp\xcAs3q0.o
                idloc                            200000   200000        8        0       5
                config                           300000   300000        E        0       4
                init                                  0        0        4        0       0
dist/default/production\PIC2.X.production.o
                idloc                            200000   200000        8        0       5
                config                           300000   300000        E        0       4
                text8                              7400     7400       EC     3A00       0
                text7                              722C     722C        6     3916       0
                text6                              7B40     7B40      4C0     3DA0       0
                text5                              77A6     77A6      39A     3BD3       0
                text4                              74EC     74EC      106     3A76       0
                text3                              75F2     75F2      1B4     3AF9       0
                text2                              731E     731E       E2     398F       0
                text1                              7238     7238       16     391C       0
                text0                              724E     724E       D0     3927       0
                cstackCOMRAM                          1        1       46        1       1
                cinit                              7232     7232        6     3919       0

TOTAL           Name                               Link     Load   Length     Space
        CLASS   CODE           
                init                                  0        0        4         0
                text8                              7400     7400       EC         0
                text7                              722C     722C        6         0
                text6                              7B40     7B40      4C0         0
                text5                              77A6     77A6      39A         0
                text4                              74EC     74EC      106         0
                text3                              75F2     75F2      1B4         0
                text2                              731E     731E       E2         0
                text1                              7238     7238       16         0
                text0                              724E     724E       D0         0
                cinit                              7232     7232        6         0

        CLASS   CONST          

        CLASS   SMALLCONST     

        CLASS   MEDIUMCONST    

        CLASS   COMRAM         
                cstackCOMRAM                          1        1       46         1

        CLASS   ABS1           

        CLASS   BIGRAM         

        CLASS   RAM            

        CLASS   BANK0          

        CLASS   BANK1          

        CLASS   BANK2          

        CLASS   BANK3          

        CLASS   BANK4          

        CLASS   BANK5          

        CLASS   BANK6          

        CLASS   BANK7          

        CLASS   SFR            

        CLASS   BIGSFR         

        CLASS   CONFIG         
                config                           300000   300000        E         4

        CLASS   IDLOC          
                idloc                            200000   200000        8         5

        CLASS   EEDATA         

        CLASS   FARRAM         

        CLASS   HEAP           

        CLASS   STACK          



SEGMENTS        Name                           Load    Length   Top    Selector   Space  Class

                reset_vec                      000000  000004  000004         0       0  CODE    
                cstackCOMRAM                   000001  000046  000047         1       1  COMRAM  
                text7                          00722C  000006  007232      3916       0  CODE    
                cinit                          007232  000006  007238      3919       0  CODE    
                text1                          007238  000016  00724E      391C       0  CODE    
                text0                          00724E  0000D0  00731E      3927       0  CODE    
                text2                          00731E  0000E2  007400      398F       0  CODE    
                text8                          007400  0000EC  0074EC      3A00       0  CODE    
                text4                          0074EC  000106  0075F2      3A76       0  CODE    
                text3                          0075F2  0001B4  0077A6      3AF9       0  CODE    
                text5                          0077A6  00039A  007B40      3BD3       0  CODE    
                text6                          007B40  0004C0  008000      3DA0       0  CODE    


UNUSED ADDRESS RANGES

        Name                Unused          Largest block    Delta
        BANK0            000060-0000FF               A0
        BANK1            000100-0001FF              100
        BANK2            000200-0002FF              100
        BANK3            000300-0003FF              100
        BANK4            000400-0004FF              100
        BANK5            000500-0005FF              100
        BANK6            000600-0006FF              100
        BANK7            000700-0007FF              100
        BIGRAM           000047-0007FF              7B9
        BIGSFR           000F60-000FFF               A0
        CODE             000004-00722B             7228
        COMRAM           000047-00005F               19
        CONST            000004-00722B             7228
        EEDATA           F00000-F000FF              100
        MEDIUMCONST      000800-00722B             6A2C
        RAM              000060-0007FF              100
        SFR              000F60-000FFF               A0
        SMALLCONST       000800-00722B              100

                                  Symbol Table

?___fladd                cstackCOMRAM 000028
?___fldiv                cstackCOMRAM 00000F
?___fltol                cstackCOMRAM 000038
?___xxtofl               cstackCOMRAM 000001
Key_Press@Key            cstackCOMRAM 000001
USART_Init@baud_rate     cstackCOMRAM 000042
USART_TxChar@out         cstackCOMRAM 000001
_ADCON1                  (abs)        000FC1
_Key_Press               text8        007400
_Keypad_Init             text7        00722C
_OSCCON                  (abs)        000FD3
_PORTBbits               (abs)        000F81
_PORTD                   (abs)        000F83
_PORTDbits               (abs)        000F83
_RCIF                    (abs)        007CF5
_RCREG                   (abs)        000FAE
_RCSTA                   (abs)        000FAB
_SPBRG                   (abs)        000FAF
_TRISB                   (abs)        000F93
_TRISC6                  (abs)        007CA6
_TRISC7                  (abs)        007CA7
_TRISD                   (abs)        000F95
_TXIF                    (abs)        007CF4
_TXREG                   (abs)        000FAD
_TXSTA                   (abs)        000FAC
_USART_Init              text2        00731E
_USART_TxChar            text1        007238
__HRAM                   (abs)        000000
__Habs1                  abs1         000000
__Hbank0                 bank0        000000
__Hbank1                 bank1        000000
__Hbank2                 bank2        000000
__Hbank3                 bank3        000000
__Hbank4                 bank4        000000
__Hbank5                 bank5        000000
__Hbank6                 bank6        000000
__Hbank7                 bank7        000000
__Hbigbss                bigbss       000000
__Hbigdata               bigdata      000000
__Hbigram                bigram       000000
__Hbigsfr                bigsfr       000000
__Hbss                   bss          000000
__Hcinit                 cinit        000000
__Hclrtext               clrtext      000000
__Hcomram                comram       000000
__Hconfig                config       30000E
__Hconst                 const        000000
__HcstackCOMRAM          cstackCOMRAM 000000
__Hdata                  data         000000
__Heeprom_data           eeprom_data  000000
__Hfarbss                farbss       000000
__Hfardata               fardata      000000
__Hheap                  heap         000000
__Hibigdata              ibigdata     000000
__Hidata                 idata        000000
__Hidloc                 idloc        200008
__Hifardata              ifardata     000000
__Hinit                  init         000004
__Hintcode               intcode      000000
__Hintcode_body          intcode_body 000000
__Hintcodelo             intcodelo    000000
__Hintentry              intentry     000000
__Hintret                intret       000000
__Hintsave_regs          intsave_regs 000000
__Hirdata                irdata       000000
__Hmediumconst           mediumconst  000000
__HnvFARRAM              nvFARRAM     000000
__Hnvbit                 nvbit        000000
__Hnvrram                nvrram       000000
__Hparam                 rparam       000000
__Hpowerup               powerup      000000
__Hram                   ram          000000
__Hramtop                ramtop       000800
__Hrbit                  rbit         000000
__Hrbss                  rbss         000000
__Hrdata                 rdata        000000
__Hreset_vec             reset_vec    000000
__Hrparam                rparam       000000
__Hsfr                   sfr          000000
__Hsmallconst            smallconst   000000
__Hspace_0               (abs)        008000
__Hspace_1               (abs)        000047
__Hspace_2               (abs)        000000
__Hspace_4               (abs)        60000E
__Hstack                 stack        000000
__Hstruct                struct       000000
__Htemp                  temp         000000
__Htext                  text         000000
__Htext0                 text0        000000
__Htext1                 text1        000000
__Htext2                 text2        000000
__Htext3                 text3        000000
__Htext4                 text4        000000
__Htext5                 text5        000000
__Htext6                 text6        000000
__Htext7                 text7        000000
__Htext8                 text8        000000
__LRAM                   (abs)        000001
__Labs1                  abs1         000000
__Lbank0                 bank0        000000
__Lbank1                 bank1        000000
__Lbank2                 bank2        000000
__Lbank3                 bank3        000000
__Lbank4                 bank4        000000
__Lbank5                 bank5        000000
__Lbank6                 bank6        000000
__Lbank7                 bank7        000000
__Lbigbss                bigbss       000000
__Lbigdata               bigdata      000000
__Lbigram                bigram       000000
__Lbigsfr                bigsfr       000000
__Lbss                   bss          000000
__Lcinit                 cinit        000000
__Lclrtext               clrtext      000000
__Lcomram                comram       000000
__Lconfig                config       000000
__Lconst                 const        000000
__LcstackCOMRAM          cstackCOMRAM 000000
__Ldata                  data         000000
__Leeprom_data           eeprom_data  000000
__Lfarbss                farbss       000000
__Lfardata               fardata      000000
__Lheap                  heap         000000
__Libigdata              ibigdata     000000
__Lidata                 idata        000000
__Lidloc                 idloc        000000
__Lifardata              ifardata     000000
__Linit                  init         000000
__Lintcode               intcode      000000
__Lintcode_body          intcode_body 000000
__Lintcodelo             intcodelo    000000
__Lintentry              intentry     000000
__Lintret                intret       000000
__Lintsave_regs          intsave_regs 000000
__Lirdata                irdata       000000
__Lmediumconst           mediumconst  000000
__LnvFARRAM              nvFARRAM     000000
__Lnvbit                 nvbit        000000
__Lnvrram                nvrram       000000
__Lparam                 rparam       000000
__Lpowerup               powerup      000000
__Lram                   ram          000000
__Lramtop                ramtop       000800
__Lrbit                  rbit         000000
__Lrbss                  rbss         000000
__Lrdata                 rdata        000000
__Lreset_vec             reset_vec    000000
__Lrparam                rparam       000000
__Lsfr                   sfr          000000
__Lsmallconst            smallconst   000000
__Lspace_0               (abs)        000000
__Lspace_1               (abs)        000000
__Lspace_2               (abs)        000000
__Lspace_4               (abs)        000000
__Lstack                 stack        000000
__Lstruct                struct       000000
__Ltemp                  temp         000000
__Ltext                  text         000000
__Ltext0                 text0        000000
__Ltext1                 text1        000000
__Ltext2                 text2        000000
__Ltext3                 text3        000000
__Ltext4                 text4        000000
__Ltext5                 text5        000000
__Ltext6                 text6        000000
__Ltext7                 text7        000000
__Ltext8                 text8        000000
__S0                     (abs)        008000
__S1                     (abs)        000047
__S4                     (abs)        000000
__S5                     (abs)        000000
___fladd                 text6        007B40
___fladd@a               cstackCOMRAM 00002C
___fladd@aexp            cstackCOMRAM 000035
___fladd@b               cstackCOMRAM 000028
___fladd@bexp            cstackCOMRAM 000036
___fladd@grs             cstackCOMRAM 000037
___fladd@signs           cstackCOMRAM 000034
___fldiv                 text5        0077A6
___fldiv@a               cstackCOMRAM 000013
___fldiv@aexp            cstackCOMRAM 000027
___fldiv@b               cstackCOMRAM 00000F
___fldiv@bexp            cstackCOMRAM 000026
___fldiv@grs             cstackCOMRAM 000022
___fldiv@new_exp         cstackCOMRAM 000020
___fldiv@rem             cstackCOMRAM 00001B
___fldiv@sign            cstackCOMRAM 00001F
___fltol                 text4        0074EC
___fltol@exp1            cstackCOMRAM 000041
___fltol@f1              cstackCOMRAM 000038
___fltol@sign1           cstackCOMRAM 000040
___heap_hi               (abs)        000000
___heap_lo               (abs)        000000
___inthi_sp              stack        000000
___intlo_sp              stack        000000
___param_bank            (abs)        000000
___rparam_used           (abs)        000001
___sp                    stack        000000
___xxtofl                text3        0075F2
___xxtofl@arg            cstackCOMRAM 00000B
___xxtofl@exp            cstackCOMRAM 00000A
___xxtofl@sign           cstackCOMRAM 000009
___xxtofl@val            cstackCOMRAM 000001
__accesstop              (abs)        000060
__activetblptr           (abs)        000000
__end_of_Key_Press       text8        0074EC
__end_of_Keypad_Init     text7        007232
__end_of_USART_Init      text2        007400
__end_of_USART_TxChar    text1        00724E
__end_of___fladd         text6        008000
__end_of___fldiv         text5        007B40
__end_of___fltol         text4        0075F2
__end_of___xxtofl        text3        0077A6
__end_of__initialization cinit        007232
__end_of_main            text0        00731E
__initialization         cinit        007232
__mediumconst            mediumconst  000000
__pcinit                 cinit        007232
__pcstackCOMRAM          cstackCOMRAM 000001
__ptext0                 text0        00724E
__ptext1                 text1        007238
__ptext2                 text2        00731E
__ptext3                 text3        0075F2
__ptext4                 text4        0074EC
__ptext5                 text5        0077A6
__ptext6                 text6        007B40
__ptext7                 text7        00722C
__ptext8                 text8        007400
__ramtop                 ramtop       000800
__smallconst             smallconst   000000
_main                    text0        00724E
end_of_initialization    cinit        007232
intlevel0                text         000000
intlevel1                text         000000
intlevel2                text         000000
intlevel3                text         000000
isa$std                  (abs)        000001
isa$xinst                (abs)        000000
main@auxvalor            cstackCOMRAM 000046
stackhi                  (abs)        000000
stacklo                  (abs)        000000
start                    init         000000
start_initialization     cinit        007232


MODULE INFORMATION

Module		Function		Class		Link	Load	Size
LED.c
		_main          		CODE           	724E	0000	208

LED.c estimated size: 208

USART_Source_File.c
		_USART_TxChar  		CODE           	7238	0000	22
		_USART_Init    		CODE           	731E	0000	226

USART_Source_File.c estimated size: 248

D:\mplab\pic\sources\c99\common\sprcadd.c
		___fladd       		CODE           	7B40	0000	1216

D:\mplab\pic\sources\c99\common\sprcadd.c estimated size: 1216

shared
		__initialization		CODE           	7232	0000	1

shared estimated size: 1

D:\mplab\pic\sources\c99\common\fltol.c
		___fltol       		CODE           	74EC	0000	262

D:\mplab\pic\sources\c99\common\fltol.c estimated size: 262

D:\mplab\pic\sources\c99\common\xxtofl.c
		___xxtofl      		CODE           	75F2	0000	436

D:\mplab\pic\sources\c99\common\xxtofl.c estimated size: 436

./keypad.h
		_Keypad_Init   		CODE           	722C	0000	6
		_Key_Press     		CODE           	7400	0000	236

./keypad.h estimated size: 242

D:\mplab\pic\sources\c99\common\sprcdiv.c
		___fldiv       		CODE           	77A6	0000	922

D:\mplab\pic\sources\c99\common\sprcdiv.c estimated size: 922

