Microchip MPLAB XC8 Compiler V2.36

Linker command line:

-W-3 --edf=D:\mplab\pic\dat\en_msgs.txt -cn \
  -h+dist/default/production\PIC1.X.production.sym \
  --cmf=dist/default/production\PIC1.X.production.cmf -z -Q18F4550 \
  -oC:\Users\Usuario\AppData\Local\Temp\xcAsqhc.4 --defsym=__MPLAB_BUILD=1 \
  -Mdist/default/production/PIC1.X.production.map \
  --md=C:\Users\Usuario\AppData\Local\Temp\xcAsqhc.dat -E1 \
  -ver=XC8 Compiler --acfsm=1493 -ACODE=00h-07FFFh -ACONST=00h-07FFFh \
  -ASMALLCONST=0800h-08FFhx120 -AMEDIUMCONST=0800h-07FFFh -ACOMRAM=01h-05Fh \
  -AABS1=00h-07FFh -ABIGRAM=01h-07FFh -ARAM=060h-0FFh,0100h-01FFhx7 \
  -ABANK0=060h-0FFh -ABANK1=0100h-01FFh -ABANK2=0200h-02FFh \
  -ABANK3=0300h-03FFh -ABANK4=0400h-04FFh -ABANK5=0500h-05FFh \
  -ABANK6=0600h-06FFh -ABANK7=0700h-07FFh -ASFR=0F60h-0FFFh \
  -ABIGSFR=0F60h-0FFFh -ACONFIG=0300000h-030000Dh -AIDLOC=0200000h-0200007h \
  -AEEDATA=0F00000h-0F000FFh -peeprom_data=EEDATA \
  -preset_vec=00h,intcode,intcodelo,powerup,init -pramtop=0800h \
  -psmallconst=SMALLCONST -pmediumconst=MEDIUMCONST -pconst=CONST \
  -AFARRAM=00h-00h \
  -prdata=COMRAM,nvrram=COMRAM,nvbit=COMRAM,rbss=COMRAM,rbit=COMRAM \
  -pfarbss=FARRAM,fardata=FARRAM,nvFARRAM=FARRAM \
  -pintsave_regs=BIGRAM,bigbss=BIGRAM,bigdata=BIGRAM -pbss=RAM \
  -pidata=CODE,irdata=CODE,ibigdata=CODE,ifardata=CODE -prparam=COMRAM \
  C:\Users\Usuario\AppData\Local\Temp\xcAsqhc.o \
  dist/default/production\PIC1.X.production.o 

Object code version is 3.11

Machine type is 18F4550



                Name                               Link     Load   Length Selector   Space Scale
C:\Users\Usuario\AppData\Local\Temp\xcAsqhc.o
                idloc                            200000   200000        8        0       5
                config                           300000   300000        E        0       4
                init                                  0        0        4        0       0
dist/default/production\PIC1.X.production.o
                idloc                            200000   200000        8        0       5
                config                           300000   300000        E        0       4
                text15                             71BA     71BA       16     38DD       0
                text14                             7192     7192       14     38C9       0
                text13                             71A6     71A6       14     38D3       0
                text12                             716E     716E       12     38B7       0
                text11                             7286     7286       3A     3943       0
                text10                             71D0     71D0       22     38E8       0
                text9                              71F2     71F2       2E     38F9       0
                text8                              7220     7220       2E     3910       0
                text7                              724E     724E       38     3927       0
                text6                              7B40     7B40      4C0     3DA0       0
                text5                              77A6     77A6      39A     3BD3       0
                text4                              73A2     73A2      106     39D1       0
                text3                              75F2     75F2      1B4     3AF9       0
                text2                              72C0     72C0       E2     3960       0
                text1                              7180     7180       12     38C0       0
                text0                              74A8     74A8      14A     3A54       0
                cstackCOMRAM                          1        1       48        1       1
                cinit                              7168     7168        6     38B4       0

TOTAL           Name                               Link     Load   Length     Space
        CLASS   CODE           
                init                                  0        0        4         0
                text15                             71BA     71BA       16         0
                text14                             7192     7192       14         0
                text13                             71A6     71A6       14         0
                text12                             716E     716E       12         0
                text11                             7286     7286       3A         0
                text10                             71D0     71D0       22         0
                text9                              71F2     71F2       2E         0
                text8                              7220     7220       2E         0
                text7                              724E     724E       38         0
                text6                              7B40     7B40      4C0         0
                text5                              77A6     77A6      39A         0
                text4                              73A2     73A2      106         0
                text3                              75F2     75F2      1B4         0
                text2                              72C0     72C0       E2         0
                text1                              7180     7180       12         0
                text0                              74A8     74A8      14A         0
                cinit                              7168     7168        6         0

        CLASS   CONST          

        CLASS   SMALLCONST     

        CLASS   MEDIUMCONST    

        CLASS   COMRAM         
                cstackCOMRAM                          1        1       48         1

        CLASS   ABS1           

        CLASS   BIGRAM         

        CLASS   RAM            

        CLASS   BANK0          

        CLASS   BANK1          

        CLASS   BANK2          

        CLASS   BANK3          

        CLASS   BANK4          

        CLASS   BANK5          

        CLASS   BANK6          

        CLASS   BANK7          

        CLASS   SFR            

        CLASS   BIGSFR         

        CLASS   CONFIG         
                config                           300000   300000        E         4

        CLASS   IDLOC          
                idloc                            200000   200000        8         5

        CLASS   EEDATA         

        CLASS   FARRAM         

        CLASS   HEAP           

        CLASS   STACK          



SEGMENTS        Name                           Load    Length   Top    Selector   Space  Class

                reset_vec                      000000  000004  000004         0       0  CODE    
                cstackCOMRAM                   000001  000048  000049         1       1  COMRAM  
                cinit                          007168  000006  00716E      38B4       0  CODE    
                text12                         00716E  000012  007180      38B7       0  CODE    
                text1                          007180  000012  007192      38C0       0  CODE    
                text14                         007192  000014  0071A6      38C9       0  CODE    
                text13                         0071A6  000014  0071BA      38D3       0  CODE    
                text15                         0071BA  000016  0071D0      38DD       0  CODE    
                text10                         0071D0  000022  0071F2      38E8       0  CODE    
                text9                          0071F2  00002E  007220      38F9       0  CODE    
                text8                          007220  00002E  00724E      3910       0  CODE    
                text7                          00724E  000038  007286      3927       0  CODE    
                text11                         007286  00003A  0072C0      3943       0  CODE    
                text2                          0072C0  0000E2  0073A2      3960       0  CODE    
                text4                          0073A2  000106  0074A8      39D1       0  CODE    
                text0                          0074A8  00014A  0075F2      3A54       0  CODE    
                text3                          0075F2  0001B4  0077A6      3AF9       0  CODE    
                text5                          0077A6  00039A  007B40      3BD3       0  CODE    
                text6                          007B40  0004C0  008000      3DA0       0  CODE    


UNUSED ADDRESS RANGES

        Name                Unused          Largest block    Delta
        BANK0            000060-0000FF               A0
        BANK1            000100-0001FF              100
        BANK2            000200-0002FF              100
        BANK3            000300-0003FF              100
        BANK4            000400-0004FF              100
        BANK5            000500-0005FF              100
        BANK6            000600-0006FF              100
        BANK7            000700-0007FF              100
        BIGRAM           000049-0007FF              7B7
        BIGSFR           000F60-000FFF               A0
        CODE             000004-007167             7164
        COMRAM           000049-00005F               17
        CONST            000004-007167             7164
        EEDATA           F00000-F000FF              100
        MEDIUMCONST      000800-007167             6968
        RAM              000060-0007FF              100
        SFR              000F60-000FFF               A0
        SMALLCONST       000800-007167              100

                                  Symbol Table

?_RTC_Read_Hour                       cstackCOMRAM 000003
?___fladd                             cstackCOMRAM 000028
?___fldiv                             cstackCOMRAM 00000F
?___fltol                             cstackCOMRAM 000038
?___xxtofl                            cstackCOMRAM 000001
I2C_Read@buffer                       cstackCOMRAM 000002
I2C_Read@flag                         cstackCOMRAM 000001
I2C_Repeated_Start@slave_read_address cstackCOMRAM 000002
I2C_Start@slave_write_address         cstackCOMRAM 000002
I2C_Write@data                        cstackCOMRAM 000001
RTC_Read_Hour@hour                    cstackCOMRAM 000006
RTC_Read_Hour@read_clock_address      cstackCOMRAM 000008
USART_Init@baud_rate                  cstackCOMRAM 000042
_ACKDT                                (abs)        007E2D
_ACKEN                                (abs)        007E2C
_ACKSTAT                              (abs)        007E2E
_ADCON1                               (abs)        000FC1
_I2C_Ack                              text14       007192
_I2C_Init                             text15       0071BA
_I2C_Nack                             text13       0071A6
_I2C_Read                             text11       007286
_I2C_Ready                            text12       00716E
_I2C_Repeated_Start                   text9        0071F2
_I2C_Start                            text8        007220
_I2C_Write                            text10       0071D0
_LATB                                 (abs)        000F8A
_LATBbits                             (abs)        000F8A
_OSCCON                               (abs)        000FD3
_PEN                                  (abs)        007E2A
_PORTAbits                            (abs)        000F80
_RCEN                                 (abs)        007E2B
_RCIF                                 (abs)        007CF5
_RCREG                                (abs)        000FAE
_RCSTA                                (abs)        000FAB
_RSEN                                 (abs)        007E29
_RTC_Read_Hour                        text7        00724E
_SPBRG                                (abs)        000FAF
_SSPADD                               (abs)        000FC8
_SSPBUF                               (abs)        000FC9
_SSPCON1                              (abs)        000FC6
_SSPCON2                              (abs)        000FC5
_SSPCON2bits                          (abs)        000FC5
_SSPIE                                (abs)        007CEB
_SSPIF                                (abs)        007CF3
_SSPSTAT                              (abs)        000FC7
_SSPSTATbits                          (abs)        000FC7
_TRISAbits                            (abs)        000F92
_TRISB                                (abs)        000F93
_TRISC6                               (abs)        007CA6
_TRISC7                               (abs)        007CA7
_TXIF                                 (abs)        007CF4
_TXREG                                (abs)        000FAD
_TXSTA                                (abs)        000FAC
_USART_Init                           text2        0072C0
_USART_ReceiveChar                    text1        007180
__HRAM                                (abs)        000000
__Habs1                               abs1         000000
__Hbank0                              bank0        000000
__Hbank1                              bank1        000000
__Hbank2                              bank2        000000
__Hbank3                              bank3        000000
__Hbank4                              bank4        000000
__Hbank5                              bank5        000000
__Hbank6                              bank6        000000
__Hbank7                              bank7        000000
__Hbigbss                             bigbss       000000
__Hbigdata                            bigdata      000000
__Hbigram                             bigram       000000
__Hbigsfr                             bigsfr       000000
__Hbss                                bss          000000
__Hcinit                              cinit        000000
__Hclrtext                            clrtext      000000
__Hcomram                             comram       000000
__Hconfig                             config       30000E
__Hconst                              const        000000
__HcstackCOMRAM                       cstackCOMRAM 000000
__Hdata                               data         000000
__Heeprom_data                        eeprom_data  000000
__Hfarbss                             farbss       000000
__Hfardata                            fardata      000000
__Hheap                               heap         000000
__Hibigdata                           ibigdata     000000
__Hidata                              idata        000000
__Hidloc                              idloc        200008
__Hifardata                           ifardata     000000
__Hinit                               init         000004
__Hintcode                            intcode      000000
__Hintcode_body                       intcode_body 000000
__Hintcodelo                          intcodelo    000000
__Hintentry                           intentry     000000
__Hintret                             intret       000000
__Hintsave_regs                       intsave_regs 000000
__Hirdata                             irdata       000000
__Hmediumconst                        mediumconst  000000
__HnvFARRAM                           nvFARRAM     000000
__Hnvbit                              nvbit        000000
__Hnvrram                             nvrram       000000
__Hparam                              rparam       000000
__Hpowerup                            powerup      000000
__Hram                                ram          000000
__Hramtop                             ramtop       000800
__Hrbit                               rbit         000000
__Hrbss                               rbss         000000
__Hrdata                              rdata        000000
__Hreset_vec                          reset_vec    000000
__Hrparam                             rparam       000000
__Hsfr                                sfr          000000
__Hsmallconst                         smallconst   000000
__Hspace_0                            (abs)        008000
__Hspace_1                            (abs)        000049
__Hspace_2                            (abs)        000000
__Hspace_4                            (abs)        60000E
__Hstack                              stack        000000
__Hstruct                             struct       000000
__Htemp                               temp         000000
__Htext                               text         000000
__Htext0                              text0        000000
__Htext1                              text1        000000
__Htext10                             text10       000000
__Htext11                             text11       000000
__Htext12                             text12       000000
__Htext13                             text13       000000
__Htext14                             text14       000000
__Htext15                             text15       000000
__Htext2                              text2        000000
__Htext3                              text3        000000
__Htext4                              text4        000000
__Htext5                              text5        000000
__Htext6                              text6        000000
__Htext7                              text7        000000
__Htext8                              text8        000000
__Htext9                              text9        000000
__LRAM                                (abs)        000001
__Labs1                               abs1         000000
__Lbank0                              bank0        000000
__Lbank1                              bank1        000000
__Lbank2                              bank2        000000
__Lbank3                              bank3        000000
__Lbank4                              bank4        000000
__Lbank5                              bank5        000000
__Lbank6                              bank6        000000
__Lbank7                              bank7        000000
__Lbigbss                             bigbss       000000
__Lbigdata                            bigdata      000000
__Lbigram                             bigram       000000
__Lbigsfr                             bigsfr       000000
__Lbss                                bss          000000
__Lcinit                              cinit        000000
__Lclrtext                            clrtext      000000
__Lcomram                             comram       000000
__Lconfig                             config       000000
__Lconst                              const        000000
__LcstackCOMRAM                       cstackCOMRAM 000000
__Ldata                               data         000000
__Leeprom_data                        eeprom_data  000000
__Lfarbss                             farbss       000000
__Lfardata                            fardata      000000
__Lheap                               heap         000000
__Libigdata                           ibigdata     000000
__Lidata                              idata        000000
__Lidloc                              idloc        000000
__Lifardata                           ifardata     000000
__Linit                               init         000000
__Lintcode                            intcode      000000
__Lintcode_body                       intcode_body 000000
__Lintcodelo                          intcodelo    000000
__Lintentry                           intentry     000000
__Lintret                             intret       000000
__Lintsave_regs                       intsave_regs 000000
__Lirdata                             irdata       000000
__Lmediumconst                        mediumconst  000000
__LnvFARRAM                           nvFARRAM     000000
__Lnvbit                              nvbit        000000
__Lnvrram                             nvrram       000000
__Lparam                              rparam       000000
__Lpowerup                            powerup      000000
__Lram                                ram          000000
__Lramtop                             ramtop       000800
__Lrbit                               rbit         000000
__Lrbss                               rbss         000000
__Lrdata                              rdata        000000
__Lreset_vec                          reset_vec    000000
__Lrparam                             rparam       000000
__Lsfr                                sfr          000000
__Lsmallconst                         smallconst   000000
__Lspace_0                            (abs)        000000
__Lspace_1                            (abs)        000000
__Lspace_2                            (abs)        000000
__Lspace_4                            (abs)        000000
__Lstack                              stack        000000
__Lstruct                             struct       000000
__Ltemp                               temp         000000
__Ltext                               text         000000
__Ltext0                              text0        000000
__Ltext1                              text1        000000
__Ltext10                             text10       000000
__Ltext11                             text11       000000
__Ltext12                             text12       000000
__Ltext13                             text13       000000
__Ltext14                             text14       000000
__Ltext15                             text15       000000
__Ltext2                              text2        000000
__Ltext3                              text3        000000
__Ltext4                              text4        000000
__Ltext5                              text5        000000
__Ltext6                              text6        000000
__Ltext7                              text7        000000
__Ltext8                              text8        000000
__Ltext9                              text9        000000
__S0                                  (abs)        008000
__S1                                  (abs)        000049
__S4                                  (abs)        000000
__S5                                  (abs)        000000
___fladd                              text6        007B40
___fladd@a                            cstackCOMRAM 00002C
___fladd@aexp                         cstackCOMRAM 000035
___fladd@b                            cstackCOMRAM 000028
___fladd@bexp                         cstackCOMRAM 000036
___fladd@grs                          cstackCOMRAM 000037
___fladd@signs                        cstackCOMRAM 000034
___fldiv                              text5        0077A6
___fldiv@a                            cstackCOMRAM 000013
___fldiv@aexp                         cstackCOMRAM 000027
___fldiv@b                            cstackCOMRAM 00000F
___fldiv@bexp                         cstackCOMRAM 000026
___fldiv@grs                          cstackCOMRAM 000022
___fldiv@new_exp                      cstackCOMRAM 000020
___fldiv@rem                          cstackCOMRAM 00001B
___fldiv@sign                         cstackCOMRAM 00001F
___fltol                              text4        0073A2
___fltol@exp1                         cstackCOMRAM 000041
___fltol@f1                           cstackCOMRAM 000038
___fltol@sign1                        cstackCOMRAM 000040
___heap_hi                            (abs)        000000
___heap_lo                            (abs)        000000
___inthi_sp                           stack        000000
___intlo_sp                           stack        000000
___param_bank                         (abs)        000000
___rparam_used                        (abs)        000001
___sp                                 stack        000000
___xxtofl                             text3        0075F2
___xxtofl@arg                         cstackCOMRAM 00000B
___xxtofl@exp                         cstackCOMRAM 00000A
___xxtofl@sign                        cstackCOMRAM 000009
___xxtofl@val                         cstackCOMRAM 000001
__accesstop                           (abs)        000060
__activetblptr                        (abs)        000000
__end_of_I2C_Ack                      text14       0071A6
__end_of_I2C_Init                     text15       0071D0
__end_of_I2C_Nack                     text13       0071BA
__end_of_I2C_Read                     text11       0072C0
__end_of_I2C_Ready                    text12       007180
__end_of_I2C_Repeated_Start           text9        007220
__end_of_I2C_Start                    text8        00724E
__end_of_I2C_Write                    text10       0071F2
__end_of_RTC_Read_Hour                text7        007286
__end_of_USART_Init                   text2        0073A2
__end_of_USART_ReceiveChar            text1        007192
__end_of___fladd                      text6        008000
__end_of___fldiv                      text5        007B40
__end_of___fltol                      text4        0074A8
__end_of___xxtofl                     text3        0077A6
__end_of__initialization              cinit        007168
__end_of_main                         text0        0075F2
__initialization                      cinit        007168
__mediumconst                         mediumconst  000000
__pcinit                              cinit        007168
__pcstackCOMRAM                       cstackCOMRAM 000001
__ptext0                              text0        0074A8
__ptext1                              text1        007180
__ptext10                             text10       0071D0
__ptext11                             text11       007286
__ptext12                             text12       00716E
__ptext13                             text13       0071A6
__ptext14                             text14       007192
__ptext15                             text15       0071BA
__ptext2                              text2        0072C0
__ptext3                              text3        0075F2
__ptext4                              text4        0073A2
__ptext5                              text5        0077A6
__ptext6                              text6        007B40
__ptext7                              text7        00724E
__ptext8                              text8        007220
__ptext9                              text9        0071F2
__ramtop                              ramtop       000800
__smallconst                          smallconst   000000
_main                                 text0        0074A8
end_of_initialization                 cinit        007168
intlevel0                             text         000000
intlevel1                             text         000000
intlevel2                             text         000000
intlevel3                             text         000000
isa$std                               (abs)        000001
isa$xinst                             (abs)        000000
main@data_in                          cstackCOMRAM 000048
stackhi                               (abs)        000000
stacklo                               (abs)        000000
start                                 init         000000
start_initialization                  cinit        007168


MODULE INFORMATION

Module		Function		Class		Link	Load	Size
USART_Source_File.c
		_USART_ReceiveChar		CODE           	7180	0000	18
		_USART_Init    		CODE           	72C0	0000	226

USART_Source_File.c estimated size: 244

D:\mplab\pic\sources\c99\common\sprcadd.c
		___fladd       		CODE           	7B40	0000	1216

D:\mplab\pic\sources\c99\common\sprcadd.c estimated size: 1216

PIC18F4550_I2C_Source_File.c
		_I2C_Write     		CODE           	71D0	0000	34
		_I2C_Read      		CODE           	7286	0000	58
		_I2C_Ready     		CODE           	716E	0000	18
		_I2C_Init      		CODE           	71BA	0000	22
		_I2C_Repeated_Start		CODE           	71F2	0000	46
		_I2C_Ack       		CODE           	7192	0000	20
		_I2C_Nack      		CODE           	71A6	0000	20
		_I2C_Start     		CODE           	7220	0000	46

PIC18F4550_I2C_Source_File.c estimated size: 264

shared
		__initialization		CODE           	7168	0000	1

shared estimated size: 1

PIC.c
		_main          		CODE           	74A8	0000	330

PIC.c estimated size: 330

D:\mplab\pic\sources\c99\common\fltol.c
		___fltol       		CODE           	73A2	0000	262

D:\mplab\pic\sources\c99\common\fltol.c estimated size: 262

D:\mplab\pic\sources\c99\common\xxtofl.c
		___xxtofl      		CODE           	75F2	0000	436

D:\mplab\pic\sources\c99\common\xxtofl.c estimated size: 436

D:\mplab\pic\sources\c99\common\sprcdiv.c
		___fldiv       		CODE           	77A6	0000	922

D:\mplab\pic\sources\c99\common\sprcdiv.c estimated size: 922

RTC.c
		_RTC_Read_Hour 		CODE           	724E	0000	56

RTC.c estimated size: 56

